hiello there
happy new year 2018


dbit@it6-31:~$ cd '/home/dbit/Desktop/sushree' 
dbit@it6-31:~/Desktop/sushree$ pwd
/home/dbit/Desktop/sushree
dbit@it6-31:~/Desktop/sushree$ git init
Initialized empty Git repository in /home/dbit/Desktop/sushree/.git/
dbit@it6-31:~/Desktop/sushree$ ls
dbit@it6-31:~/Desktop/sushree$ git log
fatal: your current branch 'master' does not have any commits yet
dbit@it6-31:~/Desktop/sushree$ touch test.txt
dbit@it6-31:~/Desktop/sushree$ git status
On branch master

Initial commit

Untracked files:
  (use "git add <file>..." to include in what will be committed)

	test.txt

nothing added to commit but untracked files present (use "git add" to track)
dbit@it6-31:~/Desktop/sushree$ git add test.txt
dbit@it6-31:~/Desktop/sushree$ git status
On branch master

Initial commit

Changes to be committed:
  (use "git rm --cached <file>..." to unstage)

	new file:   test.txt

dbit@it6-31:~/Desktop/sushree$ git commit

*** Please tell me who you are.

Run

  git config --global user.email "you@example.com"
  git config --global user.name "Your Name"

to set your account's default identity.
Omit --global to set the identity only in this repository.

fatal: unable to auto-detect email address (got 'dbit@it6-31.(none)')
dbit@it6-31:~/Desktop/sushree$ git config --global user.email "sushree@dbit.in"
dbit@it6-31:~/Desktop/sushree$ git config --global user.name "sushree"
dbit@it6-31:~/Desktop/sushree$ git commit
[master (root-commit) 0f27a77] demo purpose
 1 file changed, 0 insertions(+), 0 deletions(-)
 create mode 100644 test.txt
dbit@it6-31:~/Desktop/sushree$ git log
commit 0f27a775d4f83d553b5067e70f2a79abbb892535
Author: sushree <sushree@dbit.in>
Date:   Tue Jan 2 15:20:18 2018 +0530

    demo purpose
dbit@it6-31:~/Desktop/sushree$ nano test.txt
dbit@it6-31:~/Desktop/sushree$ git status
On branch master
Changes not staged for commit:
  (use "git add <file>..." to update what will be committed)
  (use "git checkout -- <file>..." to discard changes in working directory)

	modified:   test.txt

no changes added to commit (use "git add" and/or "git commit -a")
dbit@it6-31:~/Desktop/sushree$ git add .
dbit@it6-31:~/Desktop/sushree$ git commit -m 'added a msg'
[master 83e5e4d] added a msg
 1 file changed, 1 insertion(+)
dbit@it6-31:~/Desktop/sushree$ git log
commit 83e5e4d2cb7f1a83ab02635a5b05c769276a1414
Author: sushree <sushree@dbit.in>
Date:   Tue Jan 2 15:37:21 2018 +0530

    added a msg

commit 0f27a775d4f83d553b5067e70f2a79abbb892535
Author: sushree <sushree@dbit.in>
Date:   Tue Jan 2 15:20:18 2018 +0530

    demo purpose
dbit@it6-31:~/Desktop/sushree$ nano test.txt
dbit@it6-31:~/Desktop/sushree$ git diff
diff --git a/test.txt b/test.txt
index c7c7da3..62b2e52 100644
--- a/test.txt
+++ b/test.txt
@@ -1 +1,3 @@
-hello there
+hiello there
+happy new year 2018
+
dbit@it6-31:~/Desktop/sushree$ git add .
dbit@it6-31:~/Desktop/sushree$ git commit -m 'added 2nd line'
[master e990dea] added 2nd line
 1 file changed, 3 insertions(+), 1 deletion(-)
dbit@it6-31:~/Desktop/sushree$ git log
commit e990deadc66466b48f374161487d70a3d93ff220
Author: sushree <sushree@dbit.in>
Date:   Tue Jan 2 15:42:25 2018 +0530

    added 2nd line

commit 83e5e4d2cb7f1a83ab02635a5b05c769276a1414
Author: sushree <sushree@dbit.in>
Date:   Tue Jan 2 15:37:21 2018 +0530

    added a msg

commit 0f27a775d4f83d553b5067e70f2a79abbb892535
Author: sushree <sushree@dbit.in>
Date:   Tue Jan 2 15:20:18 2018 +0530

    demo purpose
dbit@it6-31:~/Desktop/sushree$ git remote add origin https://github.com/sushreesatapathy/my-preoject-demo.git
dbit@it6-31:~/Desktop/sushree$ git push -u origin master
Username for 'https://github.com': sushree@dbit.in
Password for 'https://sushree@dbit.in@github.com': 
Counting objects: 9, done.
Delta compression using up to 4 threads.
Compressing objects: 100% (3/3), done.
Writing objects: 100% (9/9), 652 bytes | 0 bytes/s, done.
Total 9 (delta 0), reused 0 (delta 0)
To https://github.com/sushreesatapathy/my-preoject-demo.git
 * [new branch]      master -> master
Branch master set up to track remote branch master from origin.
dbit@it6-31:~/Desktop/sushree$ git status
On branch master
Your branch is up-to-date with 'origin/master'.
nothing to commit, working directory clean
dbit@it6-31:~/Desktop/sushree$ git pull
remote: Counting objects: 6, done.
remote: Compressing objects: 100% (6/6), done.
remote: Total 6 (delta 0), reused 0 (delta 0), pack-reused 0
Unpacking objects: 100% (6/6), done.
From https://github.com/sushreesatapathy/my-preoject-demo
   e990dea..fd0edf7  master     -> origin/master
Updating e990dea..fd0edf7
Fast-forward
 README.md | 7 +++++++
 1 file changed, 7 insertions(+)
 create mode 100644 README.md
dbit@it6-31:~/Desktop/sushree$ git log
commit fd0edf71c68d0b6462319c39ed6c58a238ffd950
Author: sushreesatapathy <sushree@dbit.in>
Date:   Tue Jan 2 16:49:40 2018 +0530

    Update README.md

commit 88a7c2c6cf344eeba20dffc7739374dd4a88501e
Author: sushreesatapathy <sushree@dbit.in>
Date:   Tue Jan 2 16:48:45 2018 +0530

    created a readme file

commit e990deadc66466b48f374161487d70a3d93ff220
Author: sushree <sushree@dbit.in>
Date:   Tue Jan 2 15:42:25 2018 +0530

    added 2nd line

commit 83e5e4d2cb7f1a83ab02635a5b05c769276a1414
Author: sushree <sushree@dbit.in>
Date:   Tue Jan 2 15:37:21 2018 +0530

    added a msg

dbit@it6-31:~/Desktop/sushree$ 
dbit@it6-31:~/Desktop/sushree$ nano readme.md
dbit@it6-31:~/Desktop/sushree$ ls
README.md  test.txt
dbit@it6-31:~/Desktop/sushree$ nano README.md
dbit@it6-31:~/Desktop/sushree$ git status
On branch master
Your branch is up-to-date with 'origin/master'.
Changes not staged for commit:
  (use "git add <file>..." to update what will be committed)
  (use "git checkout -- <file>..." to discard changes in working directory)

	modified:   README.md

no changes added to commit (use "git add" and/or "git commit -a")
dbit@it6-31:~/Desktop/sushree$ git add README.md
dbit@it6-31:~/Desktop/sushree$ git commit
[master 4e7e486] changes to readme from local
 1 file changed, 2 insertions(+)
dbit@it6-31:~/Desktop/sushree$ git log
commit 4e7e4863714f4861992a422a6eb98abfd44aa17a
Author: sushree <sushree@dbit.in>
Date:   Tue Jan 2 16:55:32 2018 +0530

    changes to readme from local

commit fd0edf71c68d0b6462319c39ed6c58a238ffd950
Author: sushreesatapathy <sushree@dbit.in>
Date:   Tue Jan 2 16:49:40 2018 +0530

    Update README.md

commit 88a7c2c6cf344eeba20dffc7739374dd4a88501e
Author: sushreesatapathy <sushree@dbit.in>
Date:   Tue Jan 2 16:48:45 2018 +0530

    created a readme file

commit e990deadc66466b48f374161487d70a3d93ff220
Author: sushree <sushree@dbit.in>
Date:   Tue Jan 2 15:42:25 2018 +0530

    added 2nd line
dbit@it6-31:~/Desktop/sushree$ git status
On branch master
Your branch is ahead of 'origin/master' by 1 commit.
  (use "git push" to publish your local commits)
nothing to commit, working directory clean
dbit@it6-31:~/Desktop/sushree$ git push origin master
Username for 'https://github.com': sushree@dbit.in
Password for 'https://sushree@dbit.in@github.com': 
Counting objects: 3, done.
Delta compression using up to 4 threads.
Compressing objects: 100% (3/3), done.
Writing objects: 100% (3/3), 317 bytes | 0 bytes/s, done.
Total 3 (delta 1), reused 0 (delta 0)
remote: Resolving deltas: 100% (1/1), completed with 1 local object.
To https://github.com/sushreesatapathy/my-preoject-demo.git
   fd0edf7..4e7e486  master -> master
dbit@it6-31:~/Desktop/sushree$ 

